// Jest Snapshot v1, https://goo.gl/fbAQLP

exports[`MyPokemonList Page should render page correctly 1`] = `
<DocumentFragment>
  <div
    class="mypokemon"
  >
    <h3>
      My Pokemon
    </h3>
    <div
      class="mypokemon-list"
    />
    <button
      class="mypokemon-delete"
    >
      Delete All Pokemon
    </button>
  </div>
</DocumentFragment>
`;
