// Jest Snapshot v1, https://goo.gl/fbAQLP

exports[`PopupFailed Page should render page correctly 1`] = `<DocumentFragment />`;
