// Jest Snapshot v1, https://goo.gl/fbAQLP

exports[`PopupCatch Page should render page correctly 1`] = `<DocumentFragment />`;
